// Vitest Snapshot v1, https://vitest.dev/guide/snapshot.html

exports[`Shadow > creates a shadow 1`] = `
Visualization:

          
 ▪▫▦▾8F▥  
88F▵▿E▾▦F 
6▵02▪7▪▫▹E
C0▰▥8665◇▹
817◇▴8◆15C
▱3▾▱▿4C▩7■

Data:

00-00-00⁰⁰ 00-00-00⁰⁰ 00-00-00⁰⁰ 00-00-00⁰⁰ 00-00-00⁰⁰ 00-00-00⁰⁰ 00-00-00⁰⁰ 00-00-00⁰⁰ 00-00-00⁰⁰ 00-00-00⁰⁰
00-00-00⁰⁰ A4-A4-3F⁰² 03-03-2F⁰ᵇ 35-35-34¹⁷ E5-E5-06ᶠᶠ F1-F1-06ᶠᶠ 5B-5B-3A¹² 2C-2C-37⁰⁶ 00-00-00⁰⁰ 00-00-00⁰⁰
8F-8F-55⁰² C2-C2-55⁰ᵃ 3A-3A-59¹ᶜ D2-D2-10ᶠᶠ 76-76-72ᶠᶠ 80-80-74ᶠᶠ E6-E6-0Eᶠᶠ A8-A8-5B¹³ D2-D2-3F⁰⁵ 00-00-00⁰⁰
5F-5F-3F⁰⁸ 81-81-5C¹ᵃ ED-ED-15ᶠᶠ 83-83-73ᶠᶠ 5E-5E-6Eᶠᶠ 67-67-6Fᶠᶠ 9C-9C-74ᶠᶠ DC-DC-0Eᶠᶠ ED-ED-3F¹⁰ 0E-0E-00⁰⁴
1E-1E-4C⁰ᵉ DE-DE-59²ᵃ BC-BC-5F⁵⁴ 86-86-2Eᶠᶠ AF-AF-6Cᶠᶠ B3-B3-6Cᶠᶠ A6-A6-27ᶠᶠ 4D-4D-4F⁴³ E7-E7-3E¹ᶜ E9-E9-00⁰⁷
AE-AE-4A¹⁰ 5E-5E-56²ᶠ 8A-8A-5E⁵ᶜ EF-EF-5E⁸⁷ D5-D5-3Bᶠᶠ DD-DD-38ᶠᶠ 16-16-5A⁷ᵃ 07-07-4E⁴ᵃ 16-16-3B²⁰ EE-EE-00⁰⁹
77-77-3E⁰ᵇ F7-F7-53²⁴ FE-FE-5C⁴ᵃ 2A-2A-5C⁷³ E9-E9-5A⁸ᵇ F5-F5-5A⁸⁶ 62-62-57⁶⁶ AE-AE-4E³ᵃ 5B-5B-34¹⁷ B0-B0-00⁰⁶
`;
